C:/Users/Sagit/Desktop/BSR_Software_V130/Usercode/user_util/Src/user_timer.c:34:21:UTIL_TIMER_Init	8	static
C:/Users/Sagit/Desktop/BSR_Software_V130/Usercode/user_util/Src/user_timer.c:41:21:UTIL_TIMER_DeInit	8	static
C:/Users/Sagit/Desktop/BSR_Software_V130/Usercode/user_util/Src/user_timer.c:46:21:UTIL_TIMER_Create	24	static
C:/Users/Sagit/Desktop/BSR_Software_V130/Usercode/user_util/Src/user_timer.c:226:21:UTIL_TIMER_SetReloadMode	0	static
C:/Users/Sagit/Desktop/BSR_Software_V130/Usercode/user_util/Src/user_timer.c:261:10:UTIL_TIMER_IsRunning	0	static
C:/Users/Sagit/Desktop/BSR_Software_V130/Usercode/user_util/Src/user_timer.c:338:19:UTIL_TIMER_GetCurrentTime	8	static
C:/Users/Sagit/Desktop/BSR_Software_V130/Usercode/user_util/Src/user_timer.c:344:19:UTIL_TIMER_GetElapsedTime	16	static
C:/Users/Sagit/Desktop/BSR_Software_V130/Usercode/user_util/Src/user_timer.c:357:6:TimerExists	0	static
C:/Users/Sagit/Desktop/BSR_Software_V130/Usercode/user_util/Src/user_timer.c:240:21:UTIL_TIMER_GetRemainingTime	16	static
C:/Users/Sagit/Desktop/BSR_Software_V130/Usercode/user_util/Src/user_timer.c:272:10:UTIL_TIMER_GetFirstRemainingTime	16	static
C:/Users/Sagit/Desktop/BSR_Software_V130/Usercode/user_util/Src/user_timer.c:375:6:TimerSetTimeout	32	static
C:/Users/Sagit/Desktop/BSR_Software_V130/Usercode/user_util/Src/user_timer.c:143:21:UTIL_TIMER_Stop	16	static
C:/Users/Sagit/Desktop/BSR_Software_V130/Usercode/user_util/Src/user_timer.c:393:6:TimerInsertTimer	8	static
C:/Users/Sagit/Desktop/BSR_Software_V130/Usercode/user_util/Src/user_timer.c:420:6:TimerInsertNewHeadTimer	8	static
C:/Users/Sagit/Desktop/BSR_Software_V130/Usercode/user_util/Src/user_timer.c:71:21:UTIL_TIMER_Start	24	static
C:/Users/Sagit/Desktop/BSR_Software_V130/Usercode/user_util/Src/user_timer.c:123:21:UTIL_TIMER_StartWithPeriod	8	static
C:/Users/Sagit/Desktop/BSR_Software_V130/Usercode/user_util/Src/user_timer.c:208:21:UTIL_TIMER_SetPeriod	8	static
C:/Users/Sagit/Desktop/BSR_Software_V130/Usercode/user_util/Src/user_timer.c:287:6:UTIL_TIMER_IRQ_Handler	24	static
C:/Users/Sagit/Desktop/BSR_Software_V130/Usercode/user_util/Src/user_timer.c:440:6:UTIL_Set_RTC	40	static
