C:/Users/MDBK/Desktop/BSR_Software_V130/Usercode/user_util/Src/user_rtc.c:153:10:RTC_IF_GetTimerContext	0	static
C:/Users/MDBK/Desktop/BSR_Software_V130/Usercode/user_util/Src/user_rtc.c:195:10:RTC_IF_GetMinimumTimeout	0	static
C:/Users/MDBK/Desktop/BSR_Software_V130/Usercode/user_util/Src/user_rtc.c:205:10:RTC_IF_Convert_ms2Tick	8	static
C:/Users/MDBK/Desktop/BSR_Software_V130/Usercode/user_util/Src/user_rtc.c:215:10:RTC_IF_Convert_Tick2ms	8	static
C:/Users/MDBK/Desktop/BSR_Software_V130/Usercode/user_util/Src/user_rtc.c:124:21:RTC_IF_StopTimer	8	static
C:/Users/MDBK/Desktop/BSR_Software_V130/Usercode/user_util/Src/user_rtc.c:113:21:RTC_IF_StartTimer	48	static
C:/Users/MDBK/Desktop/BSR_Software_V130/Usercode/user_util/Src/user_rtc.c:419:17:RTC_GetCalendarValue	24	static
C:/Users/MDBK/Desktop/BSR_Software_V130/Usercode/user_util/Src/user_rtc.c:138:10:RTC_IF_SetTimerContext	8	static
C:/Users/MDBK/Desktop/BSR_Software_V130/Usercode/user_util/Src/user_rtc.c:165:10:RTC_IF_GetTimerElapsedTime	32	static
C:/Users/MDBK/Desktop/BSR_Software_V130/Usercode/user_util/Src/user_rtc.c:255:10:RTC_IF_GetTime	40	static
C:/Users/MDBK/Desktop/BSR_Software_V130/Usercode/user_util/Src/user_rtc.c:278:6:RTC_IF_BkUp_Write_Seconds	8	static
C:/Users/MDBK/Desktop/BSR_Software_V130/Usercode/user_util/Src/user_rtc.c:289:6:RTC_IF_BkUp_Write_SubSeconds	8	static
C:/Users/MDBK/Desktop/BSR_Software_V130/Usercode/user_util/Src/user_rtc.c:300:10:RTC_IF_BkUp_Read_Seconds	8	static
C:/Users/MDBK/Desktop/BSR_Software_V130/Usercode/user_util/Src/user_rtc.c:311:10:RTC_IF_BkUp_Read_SubSeconds	8	static
C:/Users/MDBK/Desktop/BSR_Software_V130/Usercode/user_util/Src/user_rtc.c:92:21:RTC_IF_Init	56	static
C:/Users/MDBK/Desktop/BSR_Software_V130/Usercode/user_util/Src/user_rtc.c:178:10:RTC_IF_GetTimerValue	32	static
C:/Users/MDBK/Desktop/BSR_Software_V130/Usercode/user_util/Src/user_rtc.c:225:6:RTC_IF_DelayMs	16	static,ignoring_inline_asm
C:/Users/MDBK/Desktop/BSR_Software_V130/Usercode/user_util/Src/user_rtc.c:245:6:HAL_RTC_AlarmAEventCallback	8	static
