C:/Users/MDBK/Desktop/BSR_Software_V130/Usercode/user_util/Src/user_string.c:14:9:Find_String	32	static
C:/Users/MDBK/Desktop/BSR_Software_V130/Usercode/user_util/Src/user_string.c:101:9:RC	0	static
C:/Users/MDBK/Desktop/BSR_Software_V130/Usercode/user_util/Src/user_string.c:115:9:Find_str_fix	32	static
C:/Users/MDBK/Desktop/BSR_Software_V130/Usercode/user_util/Src/user_string.c:48:9:Find_String_V2	56	static
C:/Users/MDBK/Desktop/BSR_Software_V130/Usercode/user_util/Src/user_string.c:146:9:Copy_String	16	static
C:/Users/MDBK/Desktop/BSR_Software_V130/Usercode/user_util/Src/user_string.c:159:9:Copy_String_section	20	static
C:/Users/MDBK/Desktop/BSR_Software_V130/Usercode/user_util/Src/user_string.c:177:9:Cut_String	32	static
C:/Users/MDBK/Desktop/BSR_Software_V130/Usercode/user_util/Src/user_string.c:198:9:Cut_Value	20	static
C:/Users/MDBK/Desktop/BSR_Software_V130/Usercode/user_util/Src/user_string.c:220:9:Copy_String_2	12	static
C:/Users/MDBK/Desktop/BSR_Software_V130/Usercode/user_util/Src/user_string.c:235:9:Copy_String_toTaget	20	static
C:/Users/MDBK/Desktop/BSR_Software_V130/Usercode/user_util/Src/user_string.c:251:9:Copy_String_STime	56	static
C:/Users/MDBK/Desktop/BSR_Software_V130/Usercode/user_util/Src/user_string.c:274:9:Compare_String	32	static
C:/Users/MDBK/Desktop/BSR_Software_V130/Usercode/user_util/Src/user_string.c:285:6:ConvertStringsTime_tosTime	8	static
C:/Users/MDBK/Desktop/BSR_Software_V130/Usercode/user_util/Src/user_string.c:296:6:Copy_STime_fromsTime	16	static
C:/Users/MDBK/Desktop/BSR_Software_V130/Usercode/user_util/Src/user_string.c:310:8:Compare_sTime	24	static
