C:/Users/Sagit/Desktop/BSR_Software_V130/Usercode/user_util/Src/user_util.c:41:10:Cal_Time	0	static
C:/Users/Sagit/Desktop/BSR_Software_V130/Usercode/user_util/Src/user_util.c:23:9:Check_Time_Out	8	static
C:/Users/Sagit/Desktop/BSR_Software_V130/Usercode/user_util/Src/user_util.c:30:9:Check_Time_Out_2	8	static
C:/Users/Sagit/Desktop/BSR_Software_V130/Usercode/user_util/Src/user_util.c:48:10:Cal_Time_s	8	static
C:/Users/Sagit/Desktop/BSR_Software_V130/Usercode/user_util/Src/user_util.c:55:9:Convert_float_2int	8	static
C:/Users/Sagit/Desktop/BSR_Software_V130/Usercode/user_util/Src/user_util.c:70:7:Convert_FloatPoint_2Float	0	static
C:/Users/Sagit/Desktop/BSR_Software_V130/Usercode/user_util/Src/user_util.c:81:9:Convert_uint_2int	0	static
C:/Users/Sagit/Desktop/BSR_Software_V130/Usercode/user_util/Src/user_util.c:86:9:Convert_uint16_2int16	0	static
C:/Users/Sagit/Desktop/BSR_Software_V130/Usercode/user_util/Src/user_util.c:91:9:Convert_uint64_2int64	0	static
C:/Users/Sagit/Desktop/BSR_Software_V130/Usercode/user_util/Src/user_util.c:96:9:BBC_Cacul	8	static
C:/Users/Sagit/Desktop/BSR_Software_V130/Usercode/user_util/Src/user_util.c:105:9:Check_BBC	16	static
C:/Users/Sagit/Desktop/BSR_Software_V130/Usercode/user_util/Src/user_util.c:229:6:Reset_Buff	0	static
C:/Users/Sagit/Desktop/BSR_Software_V130/Usercode/user_util/Src/user_util.c:146:6:Scale_String_Dec	56	static
C:/Users/Sagit/Desktop/BSR_Software_V130/Usercode/user_util/Src/user_util.c:115:6:Convert_Uint64_To_StringDec	72	static
C:/Users/Sagit/Desktop/BSR_Software_V130/Usercode/user_util/Src/user_util.c:200:6:Convert_Int64_To_StringDec	80	static
C:/Users/Sagit/Desktop/BSR_Software_V130/Usercode/user_util/Src/user_util.c:239:10:Convert_String_To_Dec	16	static
C:/Users/Sagit/Desktop/BSR_Software_V130/Usercode/user_util/Src/user_util.c:260:6:Convert_Hex_To_String_Hex	20	static
C:/Users/Sagit/Desktop/BSR_Software_V130/Usercode/user_util/Src/user_util.c:284:6:UTIL_MEM_set	8	static
C:/Users/Sagit/Desktop/BSR_Software_V130/Usercode/user_util/Src/user_util.c:313:9:Convert_String_To_Hex	0	static
C:/Users/Sagit/Desktop/BSR_Software_V130/Usercode/user_util/Src/user_util.c:294:6:Convert_String_Hex_To_Hex	40	static
C:/Users/Sagit/Desktop/BSR_Software_V130/Usercode/user_util/Src/user_util.c:323:9:Convert_Hex_To_StringHex	16	static
C:/Users/Sagit/Desktop/BSR_Software_V130/Usercode/user_util/Src/user_util.c:328:6:LOG	668	static
C:/Users/Sagit/Desktop/BSR_Software_V130/Usercode/user_util/Src/user_util.c:362:6:LOG_Array	988	static
C:/Users/Sagit/Desktop/BSR_Software_V130/Usercode/user_util/Src/user_util.c:402:6:LED_ON	8	static
C:/Users/Sagit/Desktop/BSR_Software_V130/Usercode/user_util/Src/user_util.c:407:6:LED_OFF	8	static
C:/Users/Sagit/Desktop/BSR_Software_V130/Usercode/user_util/Src/user_util.c:412:6:LED_TOGGLE	8	static
