C:/Users/Sagit/Desktop/BSR_Software_V130/Usercode/user_util/Src/user_util.c:31:10:Cal_Time	0	static
C:/Users/Sagit/Desktop/BSR_Software_V130/Usercode/user_util/Src/user_util.c:13:9:Check_Time_Out	8	static
C:/Users/Sagit/Desktop/BSR_Software_V130/Usercode/user_util/Src/user_util.c:20:9:Check_Time_Out_2	8	static
C:/Users/Sagit/Desktop/BSR_Software_V130/Usercode/user_util/Src/user_util.c:38:10:Cal_Time_s	8	static
C:/Users/Sagit/Desktop/BSR_Software_V130/Usercode/user_util/Src/user_util.c:45:9:Convert_float_2int	8	static
C:/Users/Sagit/Desktop/BSR_Software_V130/Usercode/user_util/Src/user_util.c:60:7:Convert_FloatPoint_2Float	0	static
C:/Users/Sagit/Desktop/BSR_Software_V130/Usercode/user_util/Src/user_util.c:71:9:Convert_uint_2int	0	static
C:/Users/Sagit/Desktop/BSR_Software_V130/Usercode/user_util/Src/user_util.c:76:9:Convert_uint16_2int16	0	static
C:/Users/Sagit/Desktop/BSR_Software_V130/Usercode/user_util/Src/user_util.c:81:9:Convert_uint64_2int64	0	static
C:/Users/Sagit/Desktop/BSR_Software_V130/Usercode/user_util/Src/user_util.c:86:9:BBC_Cacul	8	static
C:/Users/Sagit/Desktop/BSR_Software_V130/Usercode/user_util/Src/user_util.c:95:9:Check_BBC	16	static
C:/Users/Sagit/Desktop/BSR_Software_V130/Usercode/user_util/Src/user_util.c:219:6:Reset_Buff	0	static
C:/Users/Sagit/Desktop/BSR_Software_V130/Usercode/user_util/Src/user_util.c:136:6:Scale_String_Dec	56	static
C:/Users/Sagit/Desktop/BSR_Software_V130/Usercode/user_util/Src/user_util.c:105:6:Convert_Uint64_To_StringDec	72	static
C:/Users/Sagit/Desktop/BSR_Software_V130/Usercode/user_util/Src/user_util.c:190:6:Convert_Int64_To_StringDec	80	static
C:/Users/Sagit/Desktop/BSR_Software_V130/Usercode/user_util/Src/user_util.c:229:10:Convert_String_To_Dec	16	static
C:/Users/Sagit/Desktop/BSR_Software_V130/Usercode/user_util/Src/user_util.c:250:6:Convert_Hex_To_String_Hex	20	static
C:/Users/Sagit/Desktop/BSR_Software_V130/Usercode/user_util/Src/user_util.c:274:6:UTIL_MEM_set	8	static
C:/Users/Sagit/Desktop/BSR_Software_V130/Usercode/user_util/Src/user_util.c:303:9:Convert_String_To_Hex	0	static
C:/Users/Sagit/Desktop/BSR_Software_V130/Usercode/user_util/Src/user_util.c:284:6:Convert_String_Hex_To_Hex	40	static
C:/Users/Sagit/Desktop/BSR_Software_V130/Usercode/user_util/Src/user_util.c:313:9:Convert_Hex_To_StringHex	16	static
C:/Users/Sagit/Desktop/BSR_Software_V130/Usercode/user_util/Src/user_util.c:318:6:LOG	668	static
C:/Users/Sagit/Desktop/BSR_Software_V130/Usercode/user_util/Src/user_util.c:352:6:LOG_Array	672	static
