C:/Users/Sagit/Desktop/BSR_Software_V130/Drivers/BSP/B-L072Z-LRWAN1/b-l072z-lrwan1.c:93:10:BSP_GetVersion	0	static
C:/Users/Sagit/Desktop/BSR_Software_V130/Drivers/BSP/B-L072Z-LRWAN1/b-l072z-lrwan1.c:105:6:BSP_LED_Init	48	static
C:/Users/Sagit/Desktop/BSR_Software_V130/Drivers/BSP/B-L072Z-LRWAN1/b-l072z-lrwan1.c:128:6:BSP_LED_On	8	static
C:/Users/Sagit/Desktop/BSR_Software_V130/Drivers/BSP/B-L072Z-LRWAN1/b-l072z-lrwan1.c:140:6:BSP_LED_Off	8	static
C:/Users/Sagit/Desktop/BSR_Software_V130/Drivers/BSP/B-L072Z-LRWAN1/b-l072z-lrwan1.c:152:6:BSP_LED_Toggle	8	static
C:/Users/Sagit/Desktop/BSR_Software_V130/Drivers/BSP/B-L072Z-LRWAN1/b-l072z-lrwan1.c:168:6:BSP_PB_Init	40	static
C:/Users/Sagit/Desktop/BSR_Software_V130/Drivers/BSP/B-L072Z-LRWAN1/b-l072z-lrwan1.c:206:10:BSP_PB_GetState	8	static
