C:/Users/Sagit/Desktop/BSR_Software_V130/Usercode/user_device/Src/user_payload.c:32:6:USER_Payload_Init	0	static
C:/Users/Sagit/Desktop/BSR_Software_V130/Usercode/user_device/Src/user_payload.c:37:6:USER_Payload_Node_Single	176	static
C:/Users/Sagit/Desktop/BSR_Software_V130/Usercode/user_device/Src/user_payload.c:103:6:USER_Payload_Node_Calib	272	static
C:/Users/Sagit/Desktop/BSR_Software_V130/Usercode/user_device/Src/user_payload.c:168:6:USER_Payload_Node_Mode	168	static
C:/Users/Sagit/Desktop/BSR_Software_V130/Usercode/user_device/Src/user_payload.c:201:6:USER_Payload_Node_Join	168	static
C:/Users/Sagit/Desktop/BSR_Software_V130/Usercode/user_device/Src/user_payload.c:234:6:USER_Payload_Node_Confirm	168	static
C:/Users/Sagit/Desktop/BSR_Software_V130/Usercode/user_device/Src/user_payload.c:265:6:USER_Payload_Station_RTC	168	static
C:/Users/Sagit/Desktop/BSR_Software_V130/Usercode/user_device/Src/user_payload.c:307:6:USER_Payload_Station_Mode	168	static
C:/Users/Sagit/Desktop/BSR_Software_V130/Usercode/user_device/Src/user_payload.c:340:6:USER_Payload_Station_Confirm	168	static
C:/Users/Sagit/Desktop/BSR_Software_V130/Usercode/user_device/Src/user_payload.c:371:6:USER_Payload_Station_Accept	168	static
