C:/Users/Sagit/Desktop/BSR_Software_V130/Usercode/user_device/Src/user_modem.c:144:6:Modem_Init_Before_IRQ_Handle	8	static
C:/Users/Sagit/Desktop/BSR_Software_V130/Usercode/user_device/Src/user_modem.c:151:6:Modem_Deinit_Before_IRQ_Handle	8	static
C:/Users/Sagit/Desktop/BSR_Software_V130/Usercode/user_device/Src/user_modem.c:88:6:Reset_Chip_Immediately	0	static,ignoring_inline_asm
C:/Users/Sagit/Desktop/BSR_Software_V130/Usercode/user_device/Src/user_modem.c:94:6:DCU_Response_AT	16	static
C:/Users/Sagit/Desktop/BSR_Software_V130/Usercode/user_device/Src/user_modem.c:158:6:MX_GPIO_DeInit	48	static
C:/Users/Sagit/Desktop/BSR_Software_V130/Usercode/user_device/Src/user_modem.c:103:6:Modem_Deinit_Peripheral	8	static
C:/Users/Sagit/Desktop/BSR_Software_V130/Usercode/user_device/Src/user_modem.c:189:6:Modem_Init_Gpio_Again	56	static
C:/Users/Sagit/Desktop/BSR_Software_V130/Usercode/user_device/Src/user_modem.c:124:6:Modem_Init_Peripheral	8	static
C:/Users/Sagit/Desktop/BSR_Software_V130/Usercode/user_device/Src/user_modem.c:241:6:Init_Index_Packet	8	static
C:/Users/Sagit/Desktop/BSR_Software_V130/Usercode/user_device/Src/user_modem.c:282:6:Save_ID	56	static
C:/Users/Sagit/Desktop/BSR_Software_V130/Usercode/user_device/Src/user_modem.c:252:6:Init_ID	8	static
C:/Users/Sagit/Desktop/BSR_Software_V130/Usercode/user_device/Src/user_modem.c:333:6:Save_Freq_Send_Data	32	static
C:/Users/Sagit/Desktop/BSR_Software_V130/Usercode/user_device/Src/user_modem.c:310:6:Init_Timer_Send	32	static
C:/Users/Sagit/Desktop/BSR_Software_V130/Usercode/user_device/Src/user_modem.c:369:6:Save_Device_Type	32	static
C:/Users/Sagit/Desktop/BSR_Software_V130/Usercode/user_device/Src/user_modem.c:348:6:Init_Device_Type	32	static
C:/Users/Sagit/Desktop/BSR_Software_V130/Usercode/user_device/Src/user_modem.c:233:6:Init_Memory_Infor	8	static
