C:/Users/Sagit/Desktop/BSR_Software_V130/Usercode/user_device/Src/user_payload.c:34:6:USER_Payload_Init	0	static
C:/Users/Sagit/Desktop/BSR_Software_V130/Usercode/user_device/Src/user_payload.c:39:6:USER_Payload_Node_Single	176	static
C:/Users/Sagit/Desktop/BSR_Software_V130/Usercode/user_device/Src/user_payload.c:105:6:USER_Payload_Node_Calib	272	static
C:/Users/Sagit/Desktop/BSR_Software_V130/Usercode/user_device/Src/user_payload.c:173:6:USER_Payload_Node_Mode	168	static
C:/Users/Sagit/Desktop/BSR_Software_V130/Usercode/user_device/Src/user_payload.c:206:6:USER_Payload_Node_Join	168	static
C:/Users/Sagit/Desktop/BSR_Software_V130/Usercode/user_device/Src/user_payload.c:239:6:USER_Payload_Node_Confirm	168	static
C:/Users/Sagit/Desktop/BSR_Software_V130/Usercode/user_device/Src/user_payload.c:270:6:USER_Payload_Station_RTC	168	static
C:/Users/Sagit/Desktop/BSR_Software_V130/Usercode/user_device/Src/user_payload.c:312:6:USER_Payload_Station_Mode	168	static
C:/Users/Sagit/Desktop/BSR_Software_V130/Usercode/user_device/Src/user_payload.c:345:6:USER_Payload_Station_Confirm	168	static
C:/Users/Sagit/Desktop/BSR_Software_V130/Usercode/user_device/Src/user_payload.c:376:6:USER_Payload_Station_Accept	168	static
