C:/Users/Sagit/Desktop/BSR_Software_V130/Usercode/user_device/Src/user_modem.c:140:6:Modem_Init_Before_IRQ_Handle	8	static
C:/Users/Sagit/Desktop/BSR_Software_V130/Usercode/user_device/Src/user_modem.c:147:6:Modem_Deinit_Before_IRQ_Handle	8	static
C:/Users/Sagit/Desktop/BSR_Software_V130/Usercode/user_device/Src/user_modem.c:87:6:Reset_Chip_Immediately	0	static,ignoring_inline_asm
C:/Users/Sagit/Desktop/BSR_Software_V130/Usercode/user_device/Src/user_modem.c:93:6:DCU_Response_AT	16	static
C:/Users/Sagit/Desktop/BSR_Software_V130/Usercode/user_device/Src/user_modem.c:154:6:MX_GPIO_DeInit	48	static
C:/Users/Sagit/Desktop/BSR_Software_V130/Usercode/user_device/Src/user_modem.c:99:6:Modem_Deinit_Peripheral	8	static
C:/Users/Sagit/Desktop/BSR_Software_V130/Usercode/user_device/Src/user_modem.c:185:6:Modem_Init_Gpio_Again	56	static
C:/Users/Sagit/Desktop/BSR_Software_V130/Usercode/user_device/Src/user_modem.c:120:6:Modem_Init_Peripheral	8	static
C:/Users/Sagit/Desktop/BSR_Software_V130/Usercode/user_device/Src/user_modem.c:237:6:Init_Index_Packet	8	static
C:/Users/Sagit/Desktop/BSR_Software_V130/Usercode/user_device/Src/user_modem.c:278:6:Save_ID	56	static
C:/Users/Sagit/Desktop/BSR_Software_V130/Usercode/user_device/Src/user_modem.c:248:6:Init_ID	8	static
C:/Users/Sagit/Desktop/BSR_Software_V130/Usercode/user_device/Src/user_modem.c:329:6:Save_Freq_Send_Data	32	static
C:/Users/Sagit/Desktop/BSR_Software_V130/Usercode/user_device/Src/user_modem.c:306:6:Init_Timer_Send	32	static
C:/Users/Sagit/Desktop/BSR_Software_V130/Usercode/user_device/Src/user_modem.c:365:6:Save_Device_Type	32	static
C:/Users/Sagit/Desktop/BSR_Software_V130/Usercode/user_device/Src/user_modem.c:344:6:Init_Device_Type	32	static
C:/Users/Sagit/Desktop/BSR_Software_V130/Usercode/user_device/Src/user_modem.c:229:6:Init_Memory_Infor	8	static
