C:/Users/MDBK/Desktop/BSR_Software_V130/Usercode/user_device/Src/user_modem.c:110:6:Modem_Init_Before_IRQ_Handle	8	static
C:/Users/MDBK/Desktop/BSR_Software_V130/Usercode/user_device/Src/user_modem.c:115:6:Modem_Deinit_Before_IRQ_Handle	8	static
C:/Users/MDBK/Desktop/BSR_Software_V130/Usercode/user_device/Src/user_modem.c:54:6:Reset_Chip_Immediately	0	static,ignoring_inline_asm
C:/Users/MDBK/Desktop/BSR_Software_V130/Usercode/user_device/Src/user_modem.c:60:6:DCU_Response_AT	16	static
C:/Users/MDBK/Desktop/BSR_Software_V130/Usercode/user_device/Src/user_modem.c:120:6:MX_GPIO_DeInit	48	static
C:/Users/MDBK/Desktop/BSR_Software_V130/Usercode/user_device/Src/user_modem.c:69:6:Modem_Deinit_Peripheral	8	static
C:/Users/MDBK/Desktop/BSR_Software_V130/Usercode/user_device/Src/user_modem.c:151:6:Modem_Init_Gpio_Again	56	static
C:/Users/MDBK/Desktop/BSR_Software_V130/Usercode/user_device/Src/user_modem.c:90:6:Modem_Init_Peripheral	8	static
C:/Users/MDBK/Desktop/BSR_Software_V130/Usercode/user_device/Src/user_modem.c:237:6:Save_ID	56	static
C:/Users/MDBK/Desktop/BSR_Software_V130/Usercode/user_device/Src/user_modem.c:207:6:Init_ID	8	static
C:/Users/MDBK/Desktop/BSR_Software_V130/Usercode/user_device/Src/user_modem.c:288:6:Save_Freq_Send_Data	32	static
C:/Users/MDBK/Desktop/BSR_Software_V130/Usercode/user_device/Src/user_modem.c:265:6:Init_Timer_Send	32	static
C:/Users/MDBK/Desktop/BSR_Software_V130/Usercode/user_device/Src/user_modem.c:324:6:Save_Device_Type	32	static
C:/Users/MDBK/Desktop/BSR_Software_V130/Usercode/user_device/Src/user_modem.c:303:6:Init_Device_Type	32	static
C:/Users/MDBK/Desktop/BSR_Software_V130/Usercode/user_device/Src/user_modem.c:195:6:Init_Memory_Infor	8	static
