C:/Users/Sagit/Desktop/BSR_Software_V130/Usercode/user_device/Src/user_modem.c:106:6:Modem_Init_Before_IRQ_Handle	8	static
C:/Users/Sagit/Desktop/BSR_Software_V130/Usercode/user_device/Src/user_modem.c:111:6:Modem_Deinit_Before_IRQ_Handle	8	static
C:/Users/Sagit/Desktop/BSR_Software_V130/Usercode/user_device/Src/user_modem.c:50:6:Reset_Chip_Immediately	0	static,ignoring_inline_asm
C:/Users/Sagit/Desktop/BSR_Software_V130/Usercode/user_device/Src/user_modem.c:56:6:DCU_Response_AT	16	static
C:/Users/Sagit/Desktop/BSR_Software_V130/Usercode/user_device/Src/user_modem.c:116:6:MX_GPIO_DeInit	48	static
C:/Users/Sagit/Desktop/BSR_Software_V130/Usercode/user_device/Src/user_modem.c:65:6:Modem_Deinit_Peripheral	8	static
C:/Users/Sagit/Desktop/BSR_Software_V130/Usercode/user_device/Src/user_modem.c:147:6:Modem_Init_Gpio_Again	56	static
C:/Users/Sagit/Desktop/BSR_Software_V130/Usercode/user_device/Src/user_modem.c:86:6:Modem_Init_Peripheral	8	static
C:/Users/Sagit/Desktop/BSR_Software_V130/Usercode/user_device/Src/user_modem.c:233:6:Save_ID	56	static
C:/Users/Sagit/Desktop/BSR_Software_V130/Usercode/user_device/Src/user_modem.c:203:6:Init_ID	8	static
C:/Users/Sagit/Desktop/BSR_Software_V130/Usercode/user_device/Src/user_modem.c:284:6:Save_Freq_Send_Data	32	static
C:/Users/Sagit/Desktop/BSR_Software_V130/Usercode/user_device/Src/user_modem.c:261:6:Init_Timer_Send	32	static
C:/Users/Sagit/Desktop/BSR_Software_V130/Usercode/user_device/Src/user_modem.c:320:6:Save_Device_Type	32	static
C:/Users/Sagit/Desktop/BSR_Software_V130/Usercode/user_device/Src/user_modem.c:299:6:Init_Device_Type	32	static
C:/Users/Sagit/Desktop/BSR_Software_V130/Usercode/user_device/Src/user_modem.c:191:6:Init_Memory_Infor	8	static
