C:/Users/Sagit/Desktop/BSR_Software_V130/Usercode/user_change/Src/user_internal_mem.c:10:9:Flash_Check_Have_Packet	0	static
C:/Users/Sagit/Desktop/BSR_Software_V130/Usercode/user_change/Src/user_internal_mem.c:21:6:Flash_Save_U16	16	static
C:/Users/Sagit/Desktop/BSR_Software_V130/Usercode/user_change/Src/user_internal_mem.c:36:9:Flash_Read_Record	288	static
C:/Users/Sagit/Desktop/BSR_Software_V130/Usercode/user_change/Src/user_internal_mem.c:62:9:Flash_Read_Record_Without_Index	280	static
C:/Users/Sagit/Desktop/BSR_Software_V130/Usercode/user_change/Src/user_internal_mem.c:91:9:Flash_Read_Last_Record	288	static
C:/Users/Sagit/Desktop/BSR_Software_V130/Usercode/user_change/Src/user_internal_mem.c:122:9:Flash_Save_Record	24	static
C:/Users/Sagit/Desktop/BSR_Software_V130/Usercode/user_change/Src/user_internal_mem.c:156:6:Flash_Save_Index	8	static
C:/Users/Sagit/Desktop/BSR_Software_V130/Usercode/user_change/Src/user_internal_mem.c:190:6:Flash_Get_Infor	24	static
C:/Users/Sagit/Desktop/BSR_Software_V130/Usercode/user_change/Src/user_internal_mem.c:162:6:Flash_Init_Record_Index	40	static
