C:/Users/Sagit/Desktop/BSR_Software_V130/Projects/B-L072Z-LRWAN1/Applications/SubGHz_Phy/SubGHz_Phy_PingPong/Core/Src/main.c:148:6:Error_Handler	1
C:/Users/Sagit/Desktop/BSR_Software_V130/Projects/B-L072Z-LRWAN1/Applications/SubGHz_Phy/SubGHz_Phy_PingPong/Core/Src/main.c:38:6:SystemClock_Config	4
C:/Users/Sagit/Desktop/BSR_Software_V130/Projects/B-L072Z-LRWAN1/Applications/SubGHz_Phy/SubGHz_Phy_PingPong/Core/Src/main.c:11:5:main	1
C:/Users/Sagit/Desktop/BSR_Software_V130/Projects/B-L072Z-LRWAN1/Applications/SubGHz_Phy/SubGHz_Phy_PingPong/Core/Src/main.c:92:6:SystemClock_Config_MSI	3
