C:/Users/MDBK/Desktop/BSR_Software_V130/Projects/B-L072Z-LRWAN1/Applications/SubGHz_Phy/SubGHz_Phy_PingPong/Core/Src/sys_app.c:81:13:tiny_snprintf_like.constprop	16	static
C:/Users/MDBK/Desktop/BSR_Software_V130/Projects/B-L072Z-LRWAN1/Applications/SubGHz_Phy/SubGHz_Phy_PingPong/Core/Src/sys_app.c:39:13:TimestampNow	32	static
C:/Users/MDBK/Desktop/BSR_Software_V130/Projects/B-L072Z-LRWAN1/Applications/SubGHz_Phy/SubGHz_Phy_PingPong/Core/Src/sys_app.c:18:6:SystemApp_Init	64	static
C:/Users/MDBK/Desktop/BSR_Software_V130/Projects/B-L072Z-LRWAN1/Applications/SubGHz_Phy/SubGHz_Phy_PingPong/Core/Src/sys_app.c:37:6:UTIL_SEQ_Idle	0	static
C:/Users/MDBK/Desktop/BSR_Software_V130/Projects/B-L072Z-LRWAN1/Applications/SubGHz_Phy/SubGHz_Phy_PingPong/Core/Src/sys_app.c:71:6:UTIL_ADV_TRACE_PreSendHook	8	static
C:/Users/MDBK/Desktop/BSR_Software_V130/Projects/B-L072Z-LRWAN1/Applications/SubGHz_Phy/SubGHz_Phy_PingPong/Core/Src/sys_app.c:76:6:UTIL_ADV_TRACE_PostSendHook	8	static
