C:/Users/Sagit/Desktop/BSR_Software_V130/Projects/B-L072Z-LRWAN1/Applications/SubGHz_Phy/SubGHz_Phy_PingPong/Core/Src/usart_if.c:18:25:vcom_Init	8	static
C:/Users/Sagit/Desktop/BSR_Software_V130/Projects/B-L072Z-LRWAN1/Applications/SubGHz_Phy/SubGHz_Phy_PingPong/Core/Src/usart_if.c:30:25:vcom_DeInit	8	static
C:/Users/Sagit/Desktop/BSR_Software_V130/Projects/B-L072Z-LRWAN1/Applications/SubGHz_Phy/SubGHz_Phy_PingPong/Core/Src/usart_if.c:57:25:vcom_Trace_DMA	8	static
C:/Users/Sagit/Desktop/BSR_Software_V130/Projects/B-L072Z-LRWAN1/Applications/SubGHz_Phy/SubGHz_Phy_PingPong/Core/Src/usart_if.c:69:25:vcom_ReceiveInit	8	static
C:/Users/Sagit/Desktop/BSR_Software_V130/Projects/B-L072Z-LRWAN1/Applications/SubGHz_Phy/SubGHz_Phy_PingPong/Core/Src/usart_if.c:47:6:vcom_Trace	8	static
C:/Users/Sagit/Desktop/BSR_Software_V130/Projects/B-L072Z-LRWAN1/Applications/SubGHz_Phy/SubGHz_Phy_PingPong/Core/Src/usart_if.c:88:6:vcom_Resume	8	static
C:/Users/Sagit/Desktop/BSR_Software_V130/Projects/B-L072Z-LRWAN1/Applications/SubGHz_Phy/SubGHz_Phy_PingPong/Core/Src/usart_if.c:101:6:HAL_UART_TxCpltCallback	0	static
