C:/Users/MDBK/Desktop/BSR_Software_V130/Usercode/user_app/Src/user_common.c:109:16:_Cb_Timer_Lora_Tx	0	static
C:/Users/MDBK/Desktop/BSR_Software_V130/Usercode/user_app/Src/user_common.c:152:16:_Cb_Idle_Handler	8	static
C:/Users/MDBK/Desktop/BSR_Software_V130/Usercode/user_app/Src/user_common.c:103:16:_Cb_Timer_Start	8	static
C:/Users/MDBK/Desktop/BSR_Software_V130/Usercode/user_app/Src/user_common.c:61:6:AppCom_IRQ_Timer_CallBack	8	static
C:/Users/MDBK/Desktop/BSR_Software_V130/Usercode/user_app/Src/user_common.c:127:16:_Cb_Uart_Debug	8	static
C:/Users/MDBK/Desktop/BSR_Software_V130/Usercode/user_app/Src/user_common.c:66:9:AppCom_Task	24	static
C:/Users/MDBK/Desktop/BSR_Software_V130/Usercode/user_app/Src/user_common.c:87:6:AppCom_Cacul_Random_Delay	16	static
C:/Users/MDBK/Desktop/BSR_Software_V130/Usercode/user_app/Src/user_common.c:38:6:AppCom_Init	8	static
C:/Users/MDBK/Desktop/BSR_Software_V130/Usercode/user_app/Src/user_common.c:205:6:_Cb_Active_Lora_Tx_Event	8	static
