C:/Users/Sagit/Desktop/BSR_Software_V130/Usercode/user_app/Src/user_lora.c:409:16:_Cb_Lora_Tx	0	static
C:/Users/Sagit/Desktop/BSR_Software_V130/Usercode/user_app/Src/user_lora.c:419:13:_Cb_Timer_Lora_Tx_Again	0	static
C:/Users/Sagit/Desktop/BSR_Software_V130/Usercode/user_app/Src/user_lora.c:424:13:_Cb_Timer_Send_Event	8	static
C:/Users/Sagit/Desktop/BSR_Software_V130/Usercode/user_app/Src/user_lora.c:267:16:_Cb_Lora_IRQ	32	static
C:/Users/Sagit/Desktop/BSR_Software_V130/Usercode/user_app/Src/user_lora.c:259:13:OnRxError	8	static
C:/Users/Sagit/Desktop/BSR_Software_V130/Usercode/user_app/Src/user_lora.c:252:13:OnRxTimeout	8	static
C:/Users/Sagit/Desktop/BSR_Software_V130/Usercode/user_app/Src/user_lora.c:245:13:OnTxTimeout	8	static
C:/Users/Sagit/Desktop/BSR_Software_V130/Usercode/user_app/Src/user_lora.c:223:13:OnTxDone	8	static
C:/Users/Sagit/Desktop/BSR_Software_V130/Usercode/user_app/Src/user_lora.c:230:13:OnRxDone	32	static
C:/Users/Sagit/Desktop/BSR_Software_V130/Usercode/user_app/Src/user_lora.c:414:17:_Cb_Lora_Led	0	static
C:/Users/Sagit/Desktop/BSR_Software_V130/Usercode/user_app/Src/user_lora.c:72:6:AppLora_Init	72	static
C:/Users/Sagit/Desktop/BSR_Software_V130/Usercode/user_app/Src/user_lora.c:136:9:AppLora_Send	40	static
C:/Users/Sagit/Desktop/BSR_Software_V130/Usercode/user_app/Src/user_lora.c:191:9:AppLora_Task	16	static
C:/Users/Sagit/Desktop/BSR_Software_V130/Usercode/user_app/Src/user_lora.c:212:6:AppLora_Deinit_IO_Radio	8	static
C:/Users/Sagit/Desktop/BSR_Software_V130/Usercode/user_app/Src/user_lora.c:217:6:AppLora_Init_IO_Radio	8	static
C:/Users/Sagit/Desktop/BSR_Software_V130/Usercode/user_app/Src/user_lora.c:429:6:LED_ON	8	static
C:/Users/Sagit/Desktop/BSR_Software_V130/Usercode/user_app/Src/user_lora.c:434:6:LED_OFF	8	static
C:/Users/Sagit/Desktop/BSR_Software_V130/Usercode/user_app/Src/user_lora.c:439:6:LED_TOGGLE	8	static
