C:/Users/Sagit/Desktop/BSR_Software_V130/Usercode/user_app/Src/user_lora.c:431:16:_Cb_Lora_Tx	0	static
C:/Users/Sagit/Desktop/BSR_Software_V130/Usercode/user_app/Src/user_lora.c:441:13:_Cb_Timer_Lora_Tx_Again	0	static
C:/Users/Sagit/Desktop/BSR_Software_V130/Usercode/user_app/Src/user_lora.c:446:13:_Cb_Timer_Send_Event	8	static
C:/Users/Sagit/Desktop/BSR_Software_V130/Usercode/user_app/Src/user_lora.c:263:16:_Cb_Lora_IRQ	40	static
C:/Users/Sagit/Desktop/BSR_Software_V130/Usercode/user_app/Src/user_lora.c:255:13:OnRxError	8	static
C:/Users/Sagit/Desktop/BSR_Software_V130/Usercode/user_app/Src/user_lora.c:248:13:OnRxTimeout	8	static
C:/Users/Sagit/Desktop/BSR_Software_V130/Usercode/user_app/Src/user_lora.c:241:13:OnTxTimeout	8	static
C:/Users/Sagit/Desktop/BSR_Software_V130/Usercode/user_app/Src/user_lora.c:219:13:OnTxDone	8	static
C:/Users/Sagit/Desktop/BSR_Software_V130/Usercode/user_app/Src/user_lora.c:226:13:OnRxDone	32	static
C:/Users/Sagit/Desktop/BSR_Software_V130/Usercode/user_app/Src/user_lora.c:436:17:_Cb_Lora_Led	0	static
C:/Users/Sagit/Desktop/BSR_Software_V130/Usercode/user_app/Src/user_lora.c:61:6:AppLora_Init	72	static
C:/Users/Sagit/Desktop/BSR_Software_V130/Usercode/user_app/Src/user_lora.c:125:9:AppLora_Send	40	static
C:/Users/Sagit/Desktop/BSR_Software_V130/Usercode/user_app/Src/user_lora.c:187:9:AppLora_Task	16	static
C:/Users/Sagit/Desktop/BSR_Software_V130/Usercode/user_app/Src/user_lora.c:208:6:AppLora_Deinit_IO_Radio	8	static
C:/Users/Sagit/Desktop/BSR_Software_V130/Usercode/user_app/Src/user_lora.c:213:6:AppLora_Init_IO_Radio	8	static
