C:/Users/Sagit/Desktop/BSR_Software_V130/Usercode/user_app/Src/user_packet.c:127:16:_Cb_Packet_RTC_Mode	0	static
C:/Users/Sagit/Desktop/BSR_Software_V130/Usercode/user_app/Src/user_packet.c:54:16:_Cb_Packet_Entry	8	static
C:/Users/Sagit/Desktop/BSR_Software_V130/Usercode/user_app/Src/user_packet.c:28:6:AppPacket_Init	0	static
C:/Users/Sagit/Desktop/BSR_Software_V130/Usercode/user_app/Src/user_packet.c:32:9:AppPacket_Task	24	static
C:/Users/Sagit/Desktop/BSR_Software_V130/Usercode/user_app/Src/user_packet.c:142:6:Packet_Single_Message	152	static
C:/Users/Sagit/Desktop/BSR_Software_V130/Usercode/user_app/Src/user_packet.c:78:16:_Cb_Packet_Single	8	static
C:/Users/Sagit/Desktop/BSR_Software_V130/Usercode/user_app/Src/user_packet.c:183:6:Packet_Multiple_Message	168	static
C:/Users/Sagit/Desktop/BSR_Software_V130/Usercode/user_app/Src/user_packet.c:95:16:_Cb_Packet_Multi	8	static
C:/Users/Sagit/Desktop/BSR_Software_V130/Usercode/user_app/Src/user_packet.c:227:6:Packet_Mode_Message	152	static
C:/Users/Sagit/Desktop/BSR_Software_V130/Usercode/user_app/Src/user_packet.c:112:16:_Cb_Packet_Mode	8	static
C:/Users/Sagit/Desktop/BSR_Software_V130/Usercode/user_app/Src/user_packet.c:254:6:Packet_RTC_Mode_Message	152	static
