C:/Users/Sagit/Desktop/BSR_Software_V130/Usercode/user_app/Src/user_common.c:108:16:_Cb_Timer_Lora_Tx	0	static
C:/Users/Sagit/Desktop/BSR_Software_V130/Usercode/user_app/Src/user_common.c:151:16:_Cb_Idle_Handler	8	static
C:/Users/Sagit/Desktop/BSR_Software_V130/Usercode/user_app/Src/user_common.c:102:16:_Cb_Timer_Start	8	static
C:/Users/Sagit/Desktop/BSR_Software_V130/Usercode/user_app/Src/user_common.c:60:6:AppCom_IRQ_Timer_CallBack	8	static
C:/Users/Sagit/Desktop/BSR_Software_V130/Usercode/user_app/Src/user_common.c:126:16:_Cb_Uart_Debug	8	static
C:/Users/Sagit/Desktop/BSR_Software_V130/Usercode/user_app/Src/user_common.c:65:9:AppCom_Task	24	static
C:/Users/Sagit/Desktop/BSR_Software_V130/Usercode/user_app/Src/user_common.c:86:6:AppCom_Cacul_Random_Delay	16	static
C:/Users/Sagit/Desktop/BSR_Software_V130/Usercode/user_app/Src/user_common.c:37:6:AppCom_Init	8	static
C:/Users/Sagit/Desktop/BSR_Software_V130/Usercode/user_app/Src/user_common.c:201:6:_Cb_Active_Lora_Tx_Event	8	static
