C:/Users/Sagit/Desktop/BSR_Software_V130/Usercode/user_app/Src/user_lora.c:415:16:_Cb_Lora_Tx	0	static
C:/Users/Sagit/Desktop/BSR_Software_V130/Usercode/user_app/Src/user_lora.c:425:13:_Cb_Timer_Lora_Tx_Again	0	static
C:/Users/Sagit/Desktop/BSR_Software_V130/Usercode/user_app/Src/user_lora.c:430:13:_Cb_Timer_Send_Event	8	static
C:/Users/Sagit/Desktop/BSR_Software_V130/Usercode/user_app/Src/user_lora.c:273:16:_Cb_Lora_IRQ	40	static
C:/Users/Sagit/Desktop/BSR_Software_V130/Usercode/user_app/Src/user_lora.c:265:13:OnRxError	8	static
C:/Users/Sagit/Desktop/BSR_Software_V130/Usercode/user_app/Src/user_lora.c:258:13:OnRxTimeout	8	static
C:/Users/Sagit/Desktop/BSR_Software_V130/Usercode/user_app/Src/user_lora.c:251:13:OnTxTimeout	8	static
C:/Users/Sagit/Desktop/BSR_Software_V130/Usercode/user_app/Src/user_lora.c:229:13:OnTxDone	8	static
C:/Users/Sagit/Desktop/BSR_Software_V130/Usercode/user_app/Src/user_lora.c:236:13:OnRxDone	32	static
C:/Users/Sagit/Desktop/BSR_Software_V130/Usercode/user_app/Src/user_lora.c:420:17:_Cb_Lora_Led	0	static
C:/Users/Sagit/Desktop/BSR_Software_V130/Usercode/user_app/Src/user_lora.c:72:6:AppLora_Init	72	static
C:/Users/Sagit/Desktop/BSR_Software_V130/Usercode/user_app/Src/user_lora.c:136:9:AppLora_Send	40	static
C:/Users/Sagit/Desktop/BSR_Software_V130/Usercode/user_app/Src/user_lora.c:197:9:AppLora_Task	16	static
C:/Users/Sagit/Desktop/BSR_Software_V130/Usercode/user_app/Src/user_lora.c:218:6:AppLora_Deinit_IO_Radio	8	static
C:/Users/Sagit/Desktop/BSR_Software_V130/Usercode/user_app/Src/user_lora.c:223:6:AppLora_Init_IO_Radio	8	static
C:/Users/Sagit/Desktop/BSR_Software_V130/Usercode/user_app/Src/user_lora.c:436:6:LED_ON	8	static
C:/Users/Sagit/Desktop/BSR_Software_V130/Usercode/user_app/Src/user_lora.c:441:6:LED_OFF	8	static
C:/Users/Sagit/Desktop/BSR_Software_V130/Usercode/user_app/Src/user_lora.c:446:6:LED_TOGGLE	8	static
