C:/Users/Sagit/Desktop/BSR_Software_V130/Usercode/user_app/Src/user_lora.c:514:17:_Cb_Lora_Led	0	static
C:/Users/Sagit/Desktop/BSR_Software_V130/Usercode/user_app/Src/user_lora.c:527:13:_Cb_Timer_Led_Event	0	static
C:/Users/Sagit/Desktop/BSR_Software_V130/Usercode/user_app/Src/user_lora.c:307:16:_Cb_Lora_IRQ	32	static
C:/Users/Sagit/Desktop/BSR_Software_V130/Usercode/user_app/Src/user_lora.c:299:13:OnRxError	8	static
C:/Users/Sagit/Desktop/BSR_Software_V130/Usercode/user_app/Src/user_lora.c:292:13:OnRxTimeout	8	static
C:/Users/Sagit/Desktop/BSR_Software_V130/Usercode/user_app/Src/user_lora.c:285:13:OnTxTimeout	8	static
C:/Users/Sagit/Desktop/BSR_Software_V130/Usercode/user_app/Src/user_lora.c:263:13:OnTxDone	8	static
C:/Users/Sagit/Desktop/BSR_Software_V130/Usercode/user_app/Src/user_lora.c:270:13:OnRxDone	32	static
C:/Users/Sagit/Desktop/BSR_Software_V130/Usercode/user_app/Src/user_lora.c:72:6:AppLora_Init	72	static
C:/Users/Sagit/Desktop/BSR_Software_V130/Usercode/user_app/Src/user_lora.c:137:9:AppLora_Send	40	static
C:/Users/Sagit/Desktop/BSR_Software_V130/Usercode/user_app/Src/user_lora.c:190:9:AppLora_Task	16	static
C:/Users/Sagit/Desktop/BSR_Software_V130/Usercode/user_app/Src/user_lora.c:211:9:AppLora_Check_New_Mess_Of_Device	8	static
C:/Users/Sagit/Desktop/BSR_Software_V130/Usercode/user_app/Src/user_lora.c:449:16:_Cb_Lora_Tx	32	static
C:/Users/Sagit/Desktop/BSR_Software_V130/Usercode/user_app/Src/user_lora.c:519:13:_Cb_Timer_Lora_Tx_Again	8	static
C:/Users/Sagit/Desktop/BSR_Software_V130/Usercode/user_app/Src/user_lora.c:240:6:AppLora_Set_Tx_Again	8	static
C:/Users/Sagit/Desktop/BSR_Software_V130/Usercode/user_app/Src/user_lora.c:252:6:AppLora_Deinit_IO_Radio	8	static
C:/Users/Sagit/Desktop/BSR_Software_V130/Usercode/user_app/Src/user_lora.c:257:6:AppLora_Init_IO_Radio	8	static
C:/Users/Sagit/Desktop/BSR_Software_V130/Usercode/user_app/Src/user_lora.c:532:6:LED_ON	8	static
C:/Users/Sagit/Desktop/BSR_Software_V130/Usercode/user_app/Src/user_lora.c:537:6:LED_OFF	8	static
C:/Users/Sagit/Desktop/BSR_Software_V130/Usercode/user_app/Src/user_lora.c:542:6:LED_TOGGLE	8	static
