C:/Users/Sagit/Desktop/BSR_Software_V130/Usercode/user_app/Src/user_packet.c:78:16:_Cb_Packet_Single	0	static
C:/Users/Sagit/Desktop/BSR_Software_V130/Usercode/user_app/Src/user_packet.c:54:16:_Cb_Packet_Entry	8	static
C:/Users/Sagit/Desktop/BSR_Software_V130/Usercode/user_app/Src/user_packet.c:88:16:_Cb_Packet_Mode	0	static
C:/Users/Sagit/Desktop/BSR_Software_V130/Usercode/user_app/Src/user_packet.c:93:16:_Cb_Packet_RTC_Mode	0	static
C:/Users/Sagit/Desktop/BSR_Software_V130/Usercode/user_app/Src/user_packet.c:83:16:_Cb_Packet_Multi	0	static
C:/Users/Sagit/Desktop/BSR_Software_V130/Usercode/user_app/Src/user_packet.c:28:6:AppPacket_Init	0	static
C:/Users/Sagit/Desktop/BSR_Software_V130/Usercode/user_app/Src/user_packet.c:32:9:AppPacket_Task	24	static
C:/Users/Sagit/Desktop/BSR_Software_V130/Usercode/user_app/Src/user_packet.c:98:6:Packet_Single_Message	152	static
C:/Users/Sagit/Desktop/BSR_Software_V130/Usercode/user_app/Src/user_packet.c:139:6:Packet_Multiple_Message	168	static
C:/Users/Sagit/Desktop/BSR_Software_V130/Usercode/user_app/Src/user_packet.c:183:6:Packet_Mode_Message	152	static
C:/Users/Sagit/Desktop/BSR_Software_V130/Usercode/user_app/Src/user_packet.c:210:6:Packet_RTC_Mode_Message	152	static
