C:/Users/Sagit/Desktop/BSR_Software_V130/Utilities/sequencer/stm32_seq.c:182:6:UTIL_SEQ_Init	16	static
C:/Users/Sagit/Desktop/BSR_Software_V130/Utilities/sequencer/stm32_seq.c:195:6:UTIL_SEQ_DeInit	0	static
C:/Users/Sagit/Desktop/BSR_Software_V130/Utilities/sequencer/stm32_seq.c:309:6:UTIL_SEQ_SetTask	8	static,ignoring_inline_asm
C:/Users/Sagit/Desktop/BSR_Software_V130/Utilities/sequencer/stm32_seq.c:321:10:UTIL_SEQ_IsSchedulableTask	8	static,ignoring_inline_asm
C:/Users/Sagit/Desktop/BSR_Software_V130/Utilities/sequencer/stm32_seq.c:332:6:UTIL_SEQ_PauseTask	0	static,ignoring_inline_asm
C:/Users/Sagit/Desktop/BSR_Software_V130/Utilities/sequencer/stm32_seq.c:343:10:UTIL_SEQ_IsPauseTask	0	static,ignoring_inline_asm
C:/Users/Sagit/Desktop/BSR_Software_V130/Utilities/sequencer/stm32_seq.c:354:6:UTIL_SEQ_ResumeTask	0	static,ignoring_inline_asm
C:/Users/Sagit/Desktop/BSR_Software_V130/Utilities/sequencer/stm32_seq.c:365:6:UTIL_SEQ_SetEvt	0	static,ignoring_inline_asm
C:/Users/Sagit/Desktop/BSR_Software_V130/Utilities/sequencer/stm32_seq.c:376:6:UTIL_SEQ_ClrEvt	0	static,ignoring_inline_asm
C:/Users/Sagit/Desktop/BSR_Software_V130/Utilities/sequencer/stm32_seq.c:434:15:UTIL_SEQ_IsEvtPend	0	static
C:/Users/Sagit/Desktop/BSR_Software_V130/Utilities/sequencer/stm32_seq.c:445:13:UTIL_SEQ_Idle	0	static
C:/Users/Sagit/Desktop/BSR_Software_V130/Utilities/sequencer/stm32_seq.c:450:13:UTIL_SEQ_PreIdle	0	static
C:/Users/Sagit/Desktop/BSR_Software_V130/Utilities/sequencer/stm32_seq.c:458:13:UTIL_SEQ_PostIdle	0	static
C:/Users/Sagit/Desktop/BSR_Software_V130/Utilities/sequencer/stm32_seq.c:481:9:SEQ_BitPosition	0	static
C:/Users/Sagit/Desktop/BSR_Software_V130/Utilities/sequencer/stm32_seq.c:204:6:UTIL_SEQ_Run	32	static,ignoring_inline_asm
C:/Users/Sagit/Desktop/BSR_Software_V130/Utilities/sequencer/stm32_seq.c:439:13:UTIL_SEQ_EvtIdle	8	static
C:/Users/Sagit/Desktop/BSR_Software_V130/Utilities/sequencer/stm32_seq.c:387:6:UTIL_SEQ_WaitEvt	24	static
C:/Users/Sagit/Desktop/BSR_Software_V130/Utilities/sequencer/stm32_seq.c:298:6:UTIL_SEQ_RegTask	16	static,ignoring_inline_asm
