C:/Users/Sagit/Desktop/BSR_Software_V130/Drivers/STM32L0xx_HAL_Driver/Src/stm32l0xx_hal_rtc.c:677:13:HAL_RTC_MspInit	0	static
C:/Users/Sagit/Desktop/BSR_Software_V130/Drivers/STM32L0xx_HAL_Driver/Src/stm32l0xx_hal_rtc.c:692:13:HAL_RTC_MspDeInit	0	static
C:/Users/Sagit/Desktop/BSR_Software_V130/Drivers/STM32L0xx_HAL_Driver/Src/stm32l0xx_hal_rtc.c:1434:19:HAL_RTC_DeactivateAlarm	32	static
C:/Users/Sagit/Desktop/BSR_Software_V130/Drivers/STM32L0xx_HAL_Driver/Src/stm32l0xx_hal_rtc.c:1637:13:HAL_RTC_AlarmAEventCallback	0	static
C:/Users/Sagit/Desktop/BSR_Software_V130/Drivers/STM32L0xx_HAL_Driver/Src/stm32l0xx_hal_rtc.c:1588:6:HAL_RTC_AlarmIRQHandler	8	static
C:/Users/Sagit/Desktop/BSR_Software_V130/Drivers/STM32L0xx_HAL_Driver/Src/stm32l0xx_hal_rtc.c:1653:19:HAL_RTC_PollForAlarmAEvent	24	static
C:/Users/Sagit/Desktop/BSR_Software_V130/Drivers/STM32L0xx_HAL_Driver/Src/stm32l0xx_hal_rtc.c:1712:19:HAL_RTC_WaitForSynchro	24	static
C:/Users/Sagit/Desktop/BSR_Software_V130/Drivers/STM32L0xx_HAL_Driver/Src/stm32l0xx_hal_rtc.c:1756:21:HAL_RTC_GetState	0	static
C:/Users/Sagit/Desktop/BSR_Software_V130/Drivers/STM32L0xx_HAL_Driver/Src/stm32l0xx_hal_rtc.c:1779:19:RTC_EnterInitMode	24	static
C:/Users/Sagit/Desktop/BSR_Software_V130/Drivers/STM32L0xx_HAL_Driver/Src/stm32l0xx_hal_rtc.c:230:19:HAL_RTC_Init	16	static
C:/Users/Sagit/Desktop/BSR_Software_V130/Drivers/STM32L0xx_HAL_Driver/Src/stm32l0xx_hal_rtc.c:355:19:HAL_RTC_DeInit	32	static
C:/Users/Sagit/Desktop/BSR_Software_V130/Drivers/STM32L0xx_HAL_Driver/Src/stm32l0xx_hal_rtc.c:1809:9:RTC_ByteToBcd2	0	static
C:/Users/Sagit/Desktop/BSR_Software_V130/Drivers/STM32L0xx_HAL_Driver/Src/stm32l0xx_hal_rtc.c:730:19:HAL_RTC_SetTime	40	static
C:/Users/Sagit/Desktop/BSR_Software_V130/Drivers/STM32L0xx_HAL_Driver/Src/stm32l0xx_hal_rtc.c:908:19:HAL_RTC_SetDate	40	static
C:/Users/Sagit/Desktop/BSR_Software_V130/Drivers/STM32L0xx_HAL_Driver/Src/stm32l0xx_hal_rtc.c:1071:19:HAL_RTC_SetAlarm	40	static
C:/Users/Sagit/Desktop/BSR_Software_V130/Drivers/STM32L0xx_HAL_Driver/Src/stm32l0xx_hal_rtc.c:1252:19:HAL_RTC_SetAlarm_IT	40	static
C:/Users/Sagit/Desktop/BSR_Software_V130/Drivers/STM32L0xx_HAL_Driver/Src/stm32l0xx_hal_rtc.c:1828:9:RTC_Bcd2ToByte	0	static
C:/Users/Sagit/Desktop/BSR_Software_V130/Drivers/STM32L0xx_HAL_Driver/Src/stm32l0xx_hal_rtc.c:864:19:HAL_RTC_GetTime	16	static
C:/Users/Sagit/Desktop/BSR_Software_V130/Drivers/STM32L0xx_HAL_Driver/Src/stm32l0xx_hal_rtc.c:1017:19:HAL_RTC_GetDate	16	static
C:/Users/Sagit/Desktop/BSR_Software_V130/Drivers/STM32L0xx_HAL_Driver/Src/stm32l0xx_hal_rtc.c:1528:19:HAL_RTC_GetAlarm	32	static
